
[1m[46m RUN [49m[22m [36mv4.0.18 [39m[90mC:/Users/jonah/FlowerToDo-1[39m

 [31mÔØ»[39m src/components/SettingsDialog.test.tsx [2m([22m[2m4 tests[22m[2m | [22m[31m1 failed[39m[2m)[22m[33m 534[2mms[22m[39m
     [32mÔ£ô[39m renders correctly when open[32m 298[2mms[22m[39m
     [32mÔ£ô[39m does not render when closed[32m 4[2mms[22m[39m
     [32mÔ£ô[39m calls loadFromDatabase and onClose when restore button is clicked[32m 162[2mms[22m[39m
[31m     [31m├ù[31m calls onClose when Close button is clicked[39m[32m 69[2mms[22m[39m

[2m Test Files [22m [1m[31m1 failed[39m[22m[90m (1)[39m
[2m      Tests [22m [1m[31m1 failed[39m[22m[2m | [22m[1m[32m3 passed[39m[22m[90m (4)[39m
[2m   Start at [22m 14:49:36
[2m   Duration [22m 2.81s[2m (transform 175ms, setup 158ms, import 644ms, tests 534ms, environment 1.21s)[22m

